
  You can now view your Streamlit app in your browser.

  Local URL: http://localhost:8501
  Network URL: http://192.168.29.240:8501

2025-04-13 21:50:44.154 Examining the path of torch.classes raised:
Traceback (most recent call last):
  File "C:\Users\A\AppData\Local\Programs\Python\Python312\Lib\site-packages\streamlit\web\bootstrap.py", line 347, in run
    if asyncio.get_running_loop().is_running():
       ^^^^^^^^^^^^^^^^^^^^^^^^^^
RuntimeError: no running event loop

During handling of the above exception, another exception occurred:

Traceback (most recent call last):
  File "C:\Users\A\AppData\Local\Programs\Python\Python312\Lib\site-packages\streamlit\watcher\local_sources_watcher.py", line 217, in get_module_paths
    potential_paths = extract_paths(module)
                      ^^^^^^^^^^^^^^^^^^^^^
  File "C:\Users\A\AppData\Local\Programs\Python\Python312\Lib\site-packages\streamlit\watcher\local_sources_watcher.py", line 210, in <lambda>
    lambda m: list(m.__path__._path),
                   ^^^^^^^^^^^^^^^^
  File "C:\Users\A\AppData\Local\Programs\Python\Python312\Lib\site-packages\torch\_classes.py", line 13, in __getattr__
    proxy = torch._C._get_custom_class_python_wrapper(self.name, attr)
            ^^^^^^^^^^^^^^^^^^^^^^^^^^^^^^^^^^^^^^^^^^^^^^^^^^^^^^^^^^
RuntimeError: Tried to instantiate class '__path__._path', but it does not exist! Ensure that it is registered via torch::class_
2025-04-13 21:57:10.539 Port 8501 is already in use
2025-04-13 21:58:46.899 Port 8501 is already in use
2025-04-13 22:01:28.257 Port 8501 is already in use

  You can now view your Streamlit app in your browser.

  Local URL: http://localhost:8501
  Network URL: http://192.168.29.240:8501

2025-04-13 22:04:49.784 Examining the path of torch.classes raised:
Traceback (most recent call last):
  File "C:\Users\A\AppData\Local\Programs\Python\Python312\Lib\site-packages\streamlit\web\bootstrap.py", line 347, in run
    if asyncio.get_running_loop().is_running():
       ^^^^^^^^^^^^^^^^^^^^^^^^^^
RuntimeError: no running event loop

During handling of the above exception, another exception occurred:

Traceback (most recent call last):
  File "C:\Users\A\AppData\Local\Programs\Python\Python312\Lib\site-packages\streamlit\watcher\local_sources_watcher.py", line 217, in get_module_paths
    potential_paths = extract_paths(module)
                      ^^^^^^^^^^^^^^^^^^^^^
  File "C:\Users\A\AppData\Local\Programs\Python\Python312\Lib\site-packages\streamlit\watcher\local_sources_watcher.py", line 210, in <lambda>
    lambda m: list(m.__path__._path),
                   ^^^^^^^^^^^^^^^^
  File "C:\Users\A\AppData\Local\Programs\Python\Python312\Lib\site-packages\torch\_classes.py", line 13, in __getattr__
    proxy = torch._C._get_custom_class_python_wrapper(self.name, attr)
            ^^^^^^^^^^^^^^^^^^^^^^^^^^^^^^^^^^^^^^^^^^^^^^^^^^^^^^^^^^
RuntimeError: Tried to instantiate class '__path__._path', but it does not exist! Ensure that it is registered via torch::class_
2025-04-13 22:06:30.730 Port 8501 is already in use
2025-04-13 22:08:34.441 Port 8501 is already in use
2025-04-13 22:12:29.573 Port 8501 is already in use

  You can now view your Streamlit app in your browser.

  Local URL: http://localhost:8501
  Network URL: http://192.168.29.240:8501

2025-04-14 06:15:55.696 Examining the path of torch.classes raised:
Traceback (most recent call last):
  File "C:\Users\A\AppData\Local\Programs\Python\Python312\Lib\site-packages\streamlit\web\bootstrap.py", line 347, in run
    if asyncio.get_running_loop().is_running():
       ^^^^^^^^^^^^^^^^^^^^^^^^^^
RuntimeError: no running event loop

During handling of the above exception, another exception occurred:

Traceback (most recent call last):
  File "C:\Users\A\AppData\Local\Programs\Python\Python312\Lib\site-packages\streamlit\watcher\local_sources_watcher.py", line 217, in get_module_paths
    potential_paths = extract_paths(module)
                      ^^^^^^^^^^^^^^^^^^^^^
  File "C:\Users\A\AppData\Local\Programs\Python\Python312\Lib\site-packages\streamlit\watcher\local_sources_watcher.py", line 210, in <lambda>
    lambda m: list(m.__path__._path),
                   ^^^^^^^^^^^^^^^^
  File "C:\Users\A\AppData\Local\Programs\Python\Python312\Lib\site-packages\torch\_classes.py", line 13, in __getattr__
    proxy = torch._C._get_custom_class_python_wrapper(self.name, attr)
            ^^^^^^^^^^^^^^^^^^^^^^^^^^^^^^^^^^^^^^^^^^^^^^^^^^^^^^^^^^
RuntimeError: Tried to instantiate class '__path__._path', but it does not exist! Ensure that it is registered via torch::class_

  You can now view your Streamlit app in your browser.

  Local URL: http://localhost:8501
  Network URL: http://192.168.29.240:8501

2025-04-14 06:20:13.692 Examining the path of torch.classes raised:
Traceback (most recent call last):
  File "C:\Users\A\AppData\Local\Programs\Python\Python312\Lib\site-packages\streamlit\web\bootstrap.py", line 347, in run
    if asyncio.get_running_loop().is_running():
       ^^^^^^^^^^^^^^^^^^^^^^^^^^
RuntimeError: no running event loop

During handling of the above exception, another exception occurred:

Traceback (most recent call last):
  File "C:\Users\A\AppData\Local\Programs\Python\Python312\Lib\site-packages\streamlit\watcher\local_sources_watcher.py", line 217, in get_module_paths
    potential_paths = extract_paths(module)
                      ^^^^^^^^^^^^^^^^^^^^^
  File "C:\Users\A\AppData\Local\Programs\Python\Python312\Lib\site-packages\streamlit\watcher\local_sources_watcher.py", line 210, in <lambda>
    lambda m: list(m.__path__._path),
                   ^^^^^^^^^^^^^^^^
  File "C:\Users\A\AppData\Local\Programs\Python\Python312\Lib\site-packages\torch\_classes.py", line 13, in __getattr__
    proxy = torch._C._get_custom_class_python_wrapper(self.name, attr)
            ^^^^^^^^^^^^^^^^^^^^^^^^^^^^^^^^^^^^^^^^^^^^^^^^^^^^^^^^^^
RuntimeError: Tried to instantiate class '__path__._path', but it does not exist! Ensure that it is registered via torch::class_
2025-04-14 06:22:59.622 Examining the path of torch.classes raised:
Traceback (most recent call last):
  File "C:\Users\A\AppData\Local\Programs\Python\Python312\Lib\site-packages\streamlit\web\bootstrap.py", line 347, in run
    if asyncio.get_running_loop().is_running():
       ^^^^^^^^^^^^^^^^^^^^^^^^^^
RuntimeError: no running event loop

During handling of the above exception, another exception occurred:

Traceback (most recent call last):
  File "C:\Users\A\AppData\Local\Programs\Python\Python312\Lib\site-packages\streamlit\watcher\local_sources_watcher.py", line 217, in get_module_paths
    potential_paths = extract_paths(module)
                      ^^^^^^^^^^^^^^^^^^^^^
  File "C:\Users\A\AppData\Local\Programs\Python\Python312\Lib\site-packages\streamlit\watcher\local_sources_watcher.py", line 210, in <lambda>
    lambda m: list(m.__path__._path),
                   ^^^^^^^^^^^^^^^^
  File "C:\Users\A\AppData\Local\Programs\Python\Python312\Lib\site-packages\torch\_classes.py", line 13, in __getattr__
    proxy = torch._C._get_custom_class_python_wrapper(self.name, attr)
            ^^^^^^^^^^^^^^^^^^^^^^^^^^^^^^^^^^^^^^^^^^^^^^^^^^^^^^^^^^
RuntimeError: Tried to instantiate class '__path__._path', but it does not exist! Ensure that it is registered via torch::class_
2025-04-14 06:24:54.632 
Warning: the config option 'server.enableCORS=false' is not compatible with 'server.enableXsrfProtection=true'.
As a result, 'server.enableCORS' is being overridden to 'true'.

More information:
In order to protect against CSRF attacks, we send a cookie with each request.
To do so, we must specify allowable origins, which places a restriction on
cross-origin resource sharing.

If cross origin resource sharing is required, please disable server.enableXsrfProtection.
            

  You can now view your Streamlit app in your browser.

  URL: http://0.0.0.0:8501

2025-04-14 06:25:41.689 
Warning: the config option 'server.enableCORS=false' is not compatible with 'server.enableXsrfProtection=true'.
As a result, 'server.enableCORS' is being overridden to 'true'.

More information:
In order to protect against CSRF attacks, we send a cookie with each request.
To do so, we must specify allowable origins, which places a restriction on
cross-origin resource sharing.

If cross origin resource sharing is required, please disable server.enableXsrfProtection.
            
2025-04-14 06:25:41.750 Port 8501 is already in use
